UbiVM - Release 0.1.0 (development release)
Entidade start encontrada !!!
Metodo start encontrado !!!
Criando as variaveis locais do metodo...
Adicionando tipo 73
Adicionando tipo 73
Opcode writeln: 30
