UbiVM - Release 0.1.0 (development release)
10.990000
20.990000
