UbiVM - Release 0.1.0 (development release)
Host atual: Meu Host
Onde estou: Mobilab - sala 1
Horario   : 101010
