UbiVM - Release 0.1.0 (development release)
Adicionada informacao location.symbolic com valor 1
Localizacao 1 mudou para 2
Localizacao 2 mudou para 3
