UbiVM - Release 0.1.0 (development release)
key=Numero 1 value=100
key=Numero 2 value=200
key=Numero 3 value=300
key=Numero 4 value=400
