UbiVM - Release 0.1.0 (development release)
msg1=oi
msg2=oi de novo !!!
