UbiVM - Release 0.1.0 (development release)
Antes de chamar imprime
Metodo elemento.imprime()
Depois de chamar imprime
