UbiVM - Release 0.1.0 (development release)
result1: oi 1
result2: oi 2
