UbiVM - Release 0.1.0 (development release)
A propriedade x foi alterada de 0 para 12
