UbiVM - Release 0.1.0 (development release)
30
60
25
