UbiVM - Release 0.1.0 (development release)
(2 * (8 * 6) * (49 / 7 - 3))=384
