UbiVM - Release 0.1.0 (development release)
2.0 * (49.0 / 7.0 - 3.0)=8.000000
