UbiVM - Release 0.1.0 (development release)
200.000000
6.666667
40.000000
