UbiVM - Release 0.1.0 (development release)
2.0 - 1.0=1.000000
2.0 * 7=14
2.0 * 8.0 - 5.0=11.000000
2.0 - 8.0 * 5.0=-38.000000
(2.0 - 8.0) * 5.0=-30.000000
(2.0 * (8.0 - 18.0 / 9.0 * (7.0 * 8.0 - 4.0 + 5.0 * 7.0) - 6.0) * (49.0 / 7.0 - 3.0))=-1376.000000
