UbiVM - Release 0.1.0 (development release)
(2 * (8 - 18 / 9 * (7 * 8 - 4 + 5 * 7) - 6) * (49 / 7 - 3))=-1376
