UbiVM - Release 0.1.0 (development release)
(2.0 * (8.0 - 18.0 / 9.0 * 6.0) * (49.0 / 7.0 - 3.0))=-32.000000
