UbiVM - Release 0.1.0 (development release)
Fatorial de 0: 1
Fatorial de 1: 1
Fatorial de 2: 2
Fatorial de 3: 6
Fatorial de 4: 24
Fatorial de 5: 120
Fatorial de 6: 720
