UbiVM - Release 0.1.0 (development release)
Inserindo informacao
Informacao inserida: Keys: [Numero 1] Values: [100]
