UbiVM - Release 0.1.0 (development release)
Inserindo informacoes
Informacoes inseridas: Keys: [key 1::key 2] Values: [key1+key2]
