UbiVM - Release 0.1.0 (development release)
Terminando a execucao...
