UbiVM - Release 0.1.0 (development release)
Inserindo informacoes
findnb em informacao inexistente: Keys: [] Values: []
Informacoes inseridas: Keys: [Numero 1] Values: [100]
Informacoes inseridas: Keys: [Numero 1] Values: [100]
