UbiVM - Release 0.1.0 (development release)
Inserindo informacoes
Informacoes inseridas: 1::2
