UbiVM - Release 0.1.0 (development release)
Entidade start encontrada !!!
Metodo start encontrado !!!
Criando as variaveis locais do metodo...
Literal string contendo Ol치 mundo !!!
Opcode writeln: Ol치 mundo !!!
Literal string contendo Ol치 mundo !!!
Literal string contendo Mais teste !!!
Opcode writeln: Ol치 mundo !!!Mais teste !!!
