UbiVM - Release 0.1.0 (development release)
x=1 eh impar !!!
x=2 eh par !!!
x=3 eh impar !!!
x=4 eh par !!!
x=5 eh impar !!!
x=6 eh par !!!
x=7 eh impar !!!
x=8 eh par !!!
x=9 eh impar !!!
x=10 eh par !!!
