UbiVM - Release 0.1.0 (development release)
soma     : 12
subtracao: -8
