UbiVM - Release 0.1.0 (development release)
number1=1 msg1=um
number2=2 msg2=dois
