UbiVM - Release 0.1.0 (development release)
antes da chamada a x
antes da chamada a y
no metodo y
depois da chamada a y
depois da chamada a x
