UbiVM - Release 0.1.0 (development release)
Prop deve ser 10: 10
Prop deve ser 20: 20
Prop deve ser 30: 30
Prop deve ser 40: 40
Prop deve ser 50: 50
