UbiVM - Release 0.1.0 (development release)
Multiplicacao dos valores: 200
Adicao dos valores       : 30
Subtracao dos valores    : -10
