UbiVM - Release 0.1.0 (development release)
par1=2 par2=10
soma     : 12
subtracao: -8
