UbiVM - Release 0.1.0 (development release)
Opcode slist nao implementado !!!
