UbiVM - Release 0.1.0 (development release)
Soma  : 30
Diminui: -10
Mensagem: Ola !!!
