UbiVM - Release 0.1.0 (development release)
tab[1]=10
tab[2]=20
