UbiVM - Release 0.1.0 (development release)
Nome =Alex
Sexo =M
Idade=34
