UbiVM - Release 0.1.0 (development release)
Alex   =34
Gracy  =32
Gabriel=1
