UbiVM - Release 0.1.0 (development release)
tab[1]=10
tab[2]=20
tab[3]=30
tab[4]=40
tab[5]=50
tab[6]=60
tab[7]=70
tab[8]=80
tab[9]=90
tab[10]=100
