UbiVM - Release 0.1.0 (development release)
tab[1]=20
tab[2]=10
