UbiVM - Release 0.1.0 (development release)
v1 no metodo start/0: 0
V1 no metodo metodo1/0: 1
v1 no metodo start/0: 0
