UbiVM - Release 0.1.0 (development release)
Informacoes inseridas: key=Numero 1 value=100
