UbiVM - Release 0.1.0 (development release)
ABCDEFGHIJKLMNOPQRSTUVWXYZ
12345 true false 10.0 20.9876
12345
true
false
10.000000
20.987600
